error: function components can't accept a receiver
  --> $DIR/with-receiver-fail.rs:13:13
   |
13 |     fn comp(self, props: &Props) -> Html {
   |             ^^^^
